
Allocating common symbols
Common symbol       size              file

mem_para_info       0xa8              arch/arm/mach-sunxi/pm/standby/super/resume/resume1_c_part.o
saved_context_r13_irq
                    0x8               arch/arm/mach-sunxi/pm/standby/../mem_cpu.o
saved_context_r12_svc
                    0x8               arch/arm/mach-sunxi/pm/standby/../mem_cpu.o
saved_spsr_fiq      0x4               arch/arm/mach-sunxi/pm/standby/../mem_cpu.o
saved_spsr_und      0x4               arch/arm/mach-sunxi/pm/standby/../mem_cpu.o
saved_spsr_irq      0x4               arch/arm/mach-sunxi/pm/standby/../mem_cpu.o
saved_context_r13_abt
                    0x8               arch/arm/mach-sunxi/pm/standby/../mem_cpu.o
saved_spsr_mon      0x4               arch/arm/mach-sunxi/pm/standby/../mem_cpu.o
saved_empty_context_svc
                    0xb0              arch/arm/mach-sunxi/pm/standby/../mem_cpu.o
saved_context_r13_fiq
                    0x1c              arch/arm/mach-sunxi/pm/standby/../mem_cpu.o
saved_cpsr_svc      0x4               arch/arm/mach-sunxi/pm/standby/../mem_cpu.o
saved_context_r13_sys
                    0x8               arch/arm/mach-sunxi/pm/standby/../mem_cpu.o
saved_spsr_abt      0x4               arch/arm/mach-sunxi/pm/standby/../mem_cpu.o
saved_context_r13_mon
                    0x8               arch/arm/mach-sunxi/pm/standby/../mem_cpu.o
saved_spsr_svc      0x4               arch/arm/mach-sunxi/pm/standby/../mem_cpu.o
saved_context_r13_und
                    0x8               arch/arm/mach-sunxi/pm/standby/../mem_cpu.o

Memory Configuration

Name             Origin             Length             Attributes
*default*        0x0000000000000000 0xffffffffffffffff

Linker script and memory map

                0x0000000000000000                __resume1_start = .

.text           0x0000000000000000     0x2434
 arch/arm/mach-sunxi/pm/standby/super/resume/resume_head.o(.rodata)
 .rodata        0x0000000000000000       0x30 arch/arm/mach-sunxi/pm/standby/super/resume/resume_head.o
                0x0000000000000000                resume_head
 arch/arm/mach-sunxi/pm/standby/super/resume/resume1.o(.text)
 .text          0x0000000000000030       0xa0 arch/arm/mach-sunxi/pm/standby/super/resume/resume1.o
                0x0000000000000030                _start
 *(.text)
 .text          0x00000000000000d0        0x0 arch/arm/mach-sunxi/pm/standby/super/resume/resume_head.o
 .text          0x00000000000000d0       0x28 arch/arm/mach-sunxi/pm/standby/super/common.o
                0x00000000000000d0                mem_memcpy
 .text          0x00000000000000f8        0x0 arch/arm/mach-sunxi/pm/standby/super/super_twi.o
 .text          0x00000000000000f8       0x28 arch/arm/mach-sunxi/pm/standby/super/super_delay.o
                0x00000000000000f8                mem_delay
 .text          0x0000000000000120        0x0 arch/arm/mach-sunxi/pm/standby/super/super_clock.o
 .text          0x0000000000000120        0x0 arch/arm/mach-sunxi/pm/standby/super/super_power.o
 .text          0x0000000000000120        0x0 arch/arm/mach-sunxi/pm/standby/super/super_cpus.o
 .text          0x0000000000000120      0x1fc arch/arm/mach-sunxi/pm/standby/super/resume/resume1_c_part.o
                0x0000000000000120                resume1_c_part
                0x0000000000000208                set_pll
 .text          0x000000000000031c      0x178 arch/arm/mach-sunxi/pm/standby/../pm_debug.o
                0x000000000000031c                busy_waiting
                0x000000000000033c                save_mem_flag
                0x0000000000000340                clear_mem_flag
                0x0000000000000344                mem_status_init
                0x0000000000000348                mem_status_init_nommu
                0x000000000000034c                mem_status_clear
                0x000000000000036c                mem_status_exit
                0x0000000000000370                save_mem_status
                0x0000000000000398                get_mem_status
                0x00000000000003a8                show_mem_status
                0x00000000000003e0                save_mem_status_nommu
                0x00000000000003fc                save_cpux_mem_status_nommu
                0x0000000000000418                io_init
                0x0000000000000430                io_init_high
                0x0000000000000448                io_init_low
                0x0000000000000460                io_high
 .text          0x0000000000000494      0x1bc arch/arm/mach-sunxi/pm/standby/../mem_timing.o
                0x0000000000000494                init_perfcounters
                0x00000000000004c0                backup_perfcounter
                0x00000000000004dc                restore_perfcounter
                0x0000000000000500                get_cyclecount
                0x0000000000000508                reset_counter
                0x0000000000000518                change_runtime_env
                0x0000000000000540                delay_us
                0x00000000000005c0                delay_ms
                0x00000000000005cc                init_event_counter
                0x00000000000005f8                set_event_counter
                0x0000000000000624                get_event_counter
 *fill*         0x0000000000000650       0x10 00
 .text          0x0000000000000660       0xa0 arch/arm/mach-sunxi/pm/standby/../mem_mmu_pc.o
                0x0000000000000660                save_mmu_state
                0x000000000000069c                restore_mmu_state
 .text          0x0000000000000700      0x540 arch/arm/mach-sunxi/pm/standby/../mem_mmu_pc_asm.o
                0x0000000000000700                save_sp
                0x000000000000070c                save_sp_nommu
                0x0000000000000718                restore_sp
                0x0000000000000720                get_sp
                0x0000000000000730                invalidate_dcache
                0x00000000000007c4                invalidate_icache
                0x00000000000007dc                flush_dcache
                0x0000000000000878                flush_icache
                0x000000000000089c                disable_cache
                0x00000000000008bc                disable_dcache
                0x00000000000008d8                disable_icache
                0x00000000000008f4                disable_l2cache
                0x0000000000000910                enable_cache
                0x0000000000000930                enable_icache
                0x000000000000094c                invalidate_branch_predictor
                0x0000000000000964                disable_program_flow_prediction
                0x0000000000000980                enable_program_flow_prediction
                0x000000000000099c                mem_flush_tlb
                0x00000000000009c0                mem_preload_tlb
                0x0000000000000acc                disable_mmu
                0x0000000000000af4                enable_mmu
                0x0000000000000b34                jump_to_suspend
                0x0000000000000b50                jump_to_resume
                0x0000000000000b70                jump_to_resume0
                0x0000000000000b80                jump_to_resume0_nommu
 .text          0x0000000000000c40      0x2dc arch/arm/mach-sunxi/pm/standby/../mem_cpu.o
                0x0000000000000c40                __save_processor_state
                0x0000000000000d4c                __restore_processor_state
                0x0000000000000e20                disable_cache_invalidate
                0x0000000000000e38                set_copro_default
                0x0000000000000ee0                save_processor_state
                0x0000000000000eec                restore_processor_state
                0x0000000000000ef8                restore_processor_ttbr0
                0x0000000000000f0c                set_ttbr0
 .text          0x0000000000000f1c      0x46c arch/arm/mach-sunxi/pm/standby/../mem_serial.o
                0x0000000000000fdc                serial_init_nommu
                0x000000000000107c                serial_puts_nommu
                0x000000000000110c                serial_gets_nommu
                0x0000000000001198                serial_init
                0x0000000000001238                serial_exit
                0x000000000000126c                serial_puts
                0x00000000000012fc                serial_gets
 .text          0x0000000000001388      0x7ec arch/arm/mach-sunxi/pm/standby/../mem_printk.o
                0x00000000000015d4                printk
                0x00000000000018a4                printk_nommu
 .text          0x0000000000001b74      0x1dc arch/arm/mach-sunxi/pm/standby/../mem_divlib.o
                0x0000000000001b74                standby_delay
                0x0000000000001b9c                standby_delay_cycle
                0x0000000000001ba8                Ldiv0
                0x0000000000001bb8                __aeabi_uidiv
                0x0000000000001c54                __aeabi_idiv
                0x0000000000001d20                __aeabi_uidivmod
                0x0000000000001d38                __aeabi_idivmod
 .text          0x0000000000001d50       0x58 arch/arm/mach-sunxi/pm/standby/../mem_divlibc.o
                0x0000000000001d50                __mem_div0
                0x0000000000001d5c                raw_lib_udiv
 .text          0x0000000000001da8      0x188 arch/arm/mach-sunxi/pm/standby/../mem_int.o
                0x0000000000001da8                mem_int_init
                0x0000000000001e38                mem_int_exit
                0x0000000000001e8c                mem_enable_int
                0x0000000000001ee4                mem_query_int
 .text          0x0000000000001f30      0x1a0 arch/arm/mach-sunxi/pm/standby/../mem_tmr.o
                0x0000000000001f30                mem_tmr_save
                0x0000000000001f98                mem_tmr_restore
                0x0000000000001fe8                mem_tmr_init
                0x0000000000002020                mem_tmr_exit
                0x0000000000002048                mem_tmr_enable_watchdog
                0x0000000000002090                mem_tmr_disable_watchdog
 .text          0x00000000000020d0        0x0 arch/arm/mach-sunxi/pm/standby/../mem_tmstmp.o
 .text          0x00000000000020d0        0x0 arch/arm/mach-sunxi/pm/standby/../mem_hwspinlock.o
 .text          0x00000000000020d0      0x364 arch/arm/mach-sunxi/pm/standby/../mem_clk.o
                0x00000000000020d0                mem_clk_init
                0x0000000000002100                mem_get_ba
                0x0000000000002110                mem_clk_save
                0x000000000000214c                mem_clk_restore
                0x0000000000002180                mem_clk_setdiv
                0x00000000000021e8                mem_clk_getdiv
                0x0000000000002230                mem_clk_set_pll_factor
                0x0000000000002294                mem_clk_get_pll_factor
                0x00000000000022e4                mem_clk_set_misc
                0x0000000000002358                mem_clk_get_misc
                0x00000000000023b8                mem_clk_get_cpu_freq

.glue_7         0x0000000000002434        0x0
 .glue_7        0x0000000000000000        0x0 linker stubs

.glue_7t        0x0000000000002434        0x0
 .glue_7t       0x0000000000000000        0x0 linker stubs

.vfp11_veneer   0x0000000000002434        0x0
 .vfp11_veneer  0x0000000000000000        0x0 linker stubs

.v4_bx          0x0000000000002434        0x0
 .v4_bx         0x0000000000000000        0x0 linker stubs

.iplt           0x0000000000002434        0x0
 .iplt          0x0000000000000000        0x0 arch/arm/mach-sunxi/pm/standby/super/resume/resume_head.o

.rodata         0x0000000000002434       0x1c
 *(.rodata)
 .rodata        0x0000000000002434       0x10 arch/arm/mach-sunxi/pm/standby/../mem_timing.o
 .rodata        0x0000000000002444        0xc arch/arm/mach-sunxi/pm/standby/../mem_serial.o

.rodata.str1.4  0x0000000000002450       0xdc
 .rodata.str1.4
                0x0000000000002450       0x61 arch/arm/mach-sunxi/pm/standby/super/resume/resume1_c_part.o
                                         0x64 (size before relaxing)
 *fill*         0x00000000000024b1        0x3 00
 .rodata.str1.4
                0x00000000000024b4       0x17 arch/arm/mach-sunxi/pm/standby/../pm_debug.o
                                         0x18 (size before relaxing)
 *fill*         0x00000000000024cb        0x1 00
 .rodata.str1.4
                0x00000000000024cc       0x25 arch/arm/mach-sunxi/pm/standby/../mem_printk.o
                                         0x28 (size before relaxing)
 *fill*         0x00000000000024f1        0x3 00
 .rodata.str1.4
                0x00000000000024f4       0x1a arch/arm/mach-sunxi/pm/standby/../mem_divlibc.o
                                         0x1c (size before relaxing)
 *fill*         0x000000000000250e        0x2 00
 .rodata.str1.4
                0x0000000000002510       0x1c arch/arm/mach-sunxi/pm/standby/../mem_int.o

.rel.dyn        0x000000000000252c        0x0
 .rel.iplt      0x0000000000000000        0x0 arch/arm/mach-sunxi/pm/standby/super/resume/resume_head.o

.data           0x000000000000252c        0x4
 *(.data)
 .data          0x000000000000252c        0x0 arch/arm/mach-sunxi/pm/standby/super/resume/resume_head.o
 .data          0x000000000000252c        0x0 arch/arm/mach-sunxi/pm/standby/super/resume/resume1.o
 .data          0x000000000000252c        0x0 arch/arm/mach-sunxi/pm/standby/super/common.o
 .data          0x000000000000252c        0x0 arch/arm/mach-sunxi/pm/standby/super/super_twi.o
 .data          0x000000000000252c        0x0 arch/arm/mach-sunxi/pm/standby/super/super_delay.o
 .data          0x000000000000252c        0x0 arch/arm/mach-sunxi/pm/standby/super/super_clock.o
 .data          0x000000000000252c        0x0 arch/arm/mach-sunxi/pm/standby/super/super_power.o
 .data          0x000000000000252c        0x0 arch/arm/mach-sunxi/pm/standby/super/super_cpus.o
 .data          0x000000000000252c        0x4 arch/arm/mach-sunxi/pm/standby/super/resume/resume1_c_part.o
 .data          0x0000000000002530        0x0 arch/arm/mach-sunxi/pm/standby/../pm_debug.o
 .data          0x0000000000002530        0x0 arch/arm/mach-sunxi/pm/standby/../mem_timing.o
 .data          0x0000000000002530        0x0 arch/arm/mach-sunxi/pm/standby/../mem_mmu_pc.o
 .data          0x0000000000002530        0x0 arch/arm/mach-sunxi/pm/standby/../mem_mmu_pc_asm.o
 .data          0x0000000000002530        0x0 arch/arm/mach-sunxi/pm/standby/../mem_cpu.o
 .data          0x0000000000002530        0x0 arch/arm/mach-sunxi/pm/standby/../mem_serial.o
 .data          0x0000000000002530        0x0 arch/arm/mach-sunxi/pm/standby/../mem_printk.o
 .data          0x0000000000002530        0x0 arch/arm/mach-sunxi/pm/standby/../mem_divlib.o
 .data          0x0000000000002530        0x0 arch/arm/mach-sunxi/pm/standby/../mem_divlibc.o
 .data          0x0000000000002530        0x0 arch/arm/mach-sunxi/pm/standby/../mem_int.o
 .data          0x0000000000002530        0x0 arch/arm/mach-sunxi/pm/standby/../mem_tmr.o
 .data          0x0000000000002530        0x0 arch/arm/mach-sunxi/pm/standby/../mem_tmstmp.o
 .data          0x0000000000002530        0x0 arch/arm/mach-sunxi/pm/standby/../mem_hwspinlock.o
 .data          0x0000000000002530        0x0 arch/arm/mach-sunxi/pm/standby/../mem_clk.o
                0x0000000000002530                __bss_start = .

.igot.plt       0x0000000000002530        0x0
 .igot.plt      0x0000000000000000        0x0 arch/arm/mach-sunxi/pm/standby/super/resume/resume_head.o

.bss            0x0000000000002530      0x3a8
 *(.sbss)
 *(.scommon)
 *(.bss)
 .bss           0x0000000000002530        0x0 arch/arm/mach-sunxi/pm/standby/super/resume/resume_head.o
 .bss           0x0000000000002530        0x0 arch/arm/mach-sunxi/pm/standby/super/resume/resume1.o
 .bss           0x0000000000002530        0x0 arch/arm/mach-sunxi/pm/standby/super/common.o
 .bss           0x0000000000002530        0x0 arch/arm/mach-sunxi/pm/standby/super/super_twi.o
 .bss           0x0000000000002530        0x0 arch/arm/mach-sunxi/pm/standby/super/super_delay.o
 .bss           0x0000000000002530        0x0 arch/arm/mach-sunxi/pm/standby/super/super_clock.o
 .bss           0x0000000000002530        0x0 arch/arm/mach-sunxi/pm/standby/super/super_power.o
 .bss           0x0000000000002530        0x0 arch/arm/mach-sunxi/pm/standby/super/super_cpus.o
 .bss           0x0000000000002530        0x0 arch/arm/mach-sunxi/pm/standby/super/resume/resume1_c_part.o
 .bss           0x0000000000002530        0x4 arch/arm/mach-sunxi/pm/standby/../pm_debug.o
                0x0000000000002530                print_flag
 .bss           0x0000000000002534       0x10 arch/arm/mach-sunxi/pm/standby/../mem_timing.o
 .bss           0x0000000000002544        0x0 arch/arm/mach-sunxi/pm/standby/../mem_mmu_pc.o
 .bss           0x0000000000002544        0x0 arch/arm/mach-sunxi/pm/standby/../mem_mmu_pc_asm.o
 .bss           0x0000000000002544       0xa0 arch/arm/mach-sunxi/pm/standby/../mem_cpu.o
 .bss           0x00000000000025e4       0x10 arch/arm/mach-sunxi/pm/standby/../mem_serial.o
 .bss           0x00000000000025f4      0x100 arch/arm/mach-sunxi/pm/standby/../mem_printk.o
 .bss           0x00000000000026f4        0x0 arch/arm/mach-sunxi/pm/standby/../mem_divlib.o
 .bss           0x00000000000026f4        0x0 arch/arm/mach-sunxi/pm/standby/../mem_divlibc.o
 .bss           0x00000000000026f4        0x8 arch/arm/mach-sunxi/pm/standby/../mem_int.o
 .bss           0x00000000000026fc       0x10 arch/arm/mach-sunxi/pm/standby/../mem_tmr.o
 .bss           0x000000000000270c        0x0 arch/arm/mach-sunxi/pm/standby/../mem_tmstmp.o
 .bss           0x000000000000270c        0x0 arch/arm/mach-sunxi/pm/standby/../mem_hwspinlock.o
 .bss           0x000000000000270c        0xc arch/arm/mach-sunxi/pm/standby/../mem_clk.o
 *(COMMON)
 COMMON         0x0000000000002718       0xa8 arch/arm/mach-sunxi/pm/standby/super/resume/resume1_c_part.o
                0x0000000000002718                mem_para_info
 COMMON         0x00000000000027c0      0x118 arch/arm/mach-sunxi/pm/standby/../mem_cpu.o
                0x00000000000027c0                saved_context_r13_irq
                0x00000000000027c8                saved_context_r12_svc
                0x00000000000027d0                saved_spsr_fiq
                0x00000000000027d4                saved_spsr_und
                0x00000000000027d8                saved_spsr_irq
                0x00000000000027dc                saved_context_r13_abt
                0x00000000000027e4                saved_spsr_mon
                0x00000000000027e8                saved_empty_context_svc
                0x0000000000002898                saved_context_r13_fiq
                0x00000000000028b4                saved_cpsr_svc
                0x00000000000028b8                saved_context_r13_sys
                0x00000000000028c0                saved_spsr_abt
                0x00000000000028c4                saved_context_r13_mon
                0x00000000000028cc                saved_spsr_svc
                0x00000000000028d0                saved_context_r13_und
                0x00000000000028d8                __bss_end = .
                0x00000000000028d8                __resume1_end = .
LOAD arch/arm/mach-sunxi/pm/standby/super/common.o
LOAD arch/arm/mach-sunxi/pm/standby/super/super_twi.o
LOAD arch/arm/mach-sunxi/pm/standby/super/super_delay.o
LOAD arch/arm/mach-sunxi/pm/standby/super/super_clock.o
LOAD arch/arm/mach-sunxi/pm/standby/super/super_power.o
LOAD arch/arm/mach-sunxi/pm/standby/super/super_cpus.o
LOAD arch/arm/mach-sunxi/pm/standby/super/resume/resume1.o
LOAD arch/arm/mach-sunxi/pm/standby/super/resume/resume_head.o
LOAD arch/arm/mach-sunxi/pm/standby/super/resume/resume1_c_part.o
LOAD arch/arm/mach-sunxi/pm/standby/../pm_debug.o
LOAD arch/arm/mach-sunxi/pm/standby/../mem_timing.o
LOAD arch/arm/mach-sunxi/pm/standby/../mem_mmu_pc.o
LOAD arch/arm/mach-sunxi/pm/standby/../mem_mmu_pc_asm.o
LOAD arch/arm/mach-sunxi/pm/standby/../mem_cpu.o
LOAD arch/arm/mach-sunxi/pm/standby/../mem_serial.o
LOAD arch/arm/mach-sunxi/pm/standby/../mem_printk.o
LOAD arch/arm/mach-sunxi/pm/standby/../mem_divlib.o
LOAD arch/arm/mach-sunxi/pm/standby/../mem_divlibc.o
LOAD arch/arm/mach-sunxi/pm/standby/../mem_int.o
LOAD arch/arm/mach-sunxi/pm/standby/../mem_tmr.o
LOAD arch/arm/mach-sunxi/pm/standby/../mem_tmstmp.o
LOAD arch/arm/mach-sunxi/pm/standby/../mem_hwspinlock.o
LOAD arch/arm/mach-sunxi/pm/standby/../mem_clk.o
OUTPUT(arch/arm/mach-sunxi/pm/standby/resume1.elf elf32-littlearm)

.debug_info     0x0000000000000000     0x62ec
 .debug_info    0x0000000000000000      0x140 arch/arm/mach-sunxi/pm/standby/super/resume/resume_head.o
 .debug_info    0x0000000000000140       0x85 arch/arm/mach-sunxi/pm/standby/super/resume/resume1.o
 .debug_info    0x00000000000001c5       0xc9 arch/arm/mach-sunxi/pm/standby/super/common.o
 .debug_info    0x000000000000028e       0x65 arch/arm/mach-sunxi/pm/standby/super/super_twi.o
 .debug_info    0x00000000000002f3       0x82 arch/arm/mach-sunxi/pm/standby/super/super_delay.o
 .debug_info    0x0000000000000375       0x65 arch/arm/mach-sunxi/pm/standby/super/super_clock.o
 .debug_info    0x00000000000003da       0x65 arch/arm/mach-sunxi/pm/standby/super/super_power.o
 .debug_info    0x000000000000043f       0x65 arch/arm/mach-sunxi/pm/standby/super/super_cpus.o
 .debug_info    0x00000000000004a4     0x1532 arch/arm/mach-sunxi/pm/standby/super/resume/resume1_c_part.o
 .debug_info    0x00000000000019d6      0x28f arch/arm/mach-sunxi/pm/standby/../pm_debug.o
 .debug_info    0x0000000000001c65      0x471 arch/arm/mach-sunxi/pm/standby/../mem_timing.o
 .debug_info    0x00000000000020d6      0x148 arch/arm/mach-sunxi/pm/standby/../mem_mmu_pc.o
 .debug_info    0x000000000000221e       0x82 arch/arm/mach-sunxi/pm/standby/../mem_mmu_pc_asm.o
 .debug_info    0x00000000000022a0      0x520 arch/arm/mach-sunxi/pm/standby/../mem_cpu.o
 .debug_info    0x00000000000027c0     0x162f arch/arm/mach-sunxi/pm/standby/../mem_serial.o
 .debug_info    0x0000000000003def      0x7bb arch/arm/mach-sunxi/pm/standby/../mem_printk.o
 .debug_info    0x00000000000045aa       0x7e arch/arm/mach-sunxi/pm/standby/../mem_divlib.o
 .debug_info    0x0000000000004628       0xf3 arch/arm/mach-sunxi/pm/standby/../mem_divlibc.o
 .debug_info    0x000000000000471b      0x1e0 arch/arm/mach-sunxi/pm/standby/../mem_int.o
 .debug_info    0x00000000000048fb      0x3ed arch/arm/mach-sunxi/pm/standby/../mem_tmr.o
 .debug_info    0x0000000000004ce8       0x65 arch/arm/mach-sunxi/pm/standby/../mem_tmstmp.o
 .debug_info    0x0000000000004d4d       0x65 arch/arm/mach-sunxi/pm/standby/../mem_hwspinlock.o
 .debug_info    0x0000000000004db2     0x153a arch/arm/mach-sunxi/pm/standby/../mem_clk.o

.debug_abbrev   0x0000000000000000     0x11a9
 .debug_abbrev  0x0000000000000000       0x7f arch/arm/mach-sunxi/pm/standby/super/resume/resume_head.o
 .debug_abbrev  0x000000000000007f       0x14 arch/arm/mach-sunxi/pm/standby/super/resume/resume1.o
 .debug_abbrev  0x0000000000000093       0x8b arch/arm/mach-sunxi/pm/standby/super/common.o
 .debug_abbrev  0x000000000000011e       0x2a arch/arm/mach-sunxi/pm/standby/super/super_twi.o
 .debug_abbrev  0x0000000000000148       0x14 arch/arm/mach-sunxi/pm/standby/super/super_delay.o
 .debug_abbrev  0x000000000000015c       0x2a arch/arm/mach-sunxi/pm/standby/super/super_clock.o
 .debug_abbrev  0x0000000000000186       0x2a arch/arm/mach-sunxi/pm/standby/super/super_power.o
 .debug_abbrev  0x00000000000001b0       0x2a arch/arm/mach-sunxi/pm/standby/super/super_cpus.o
 .debug_abbrev  0x00000000000001da      0x1a3 arch/arm/mach-sunxi/pm/standby/super/resume/resume1_c_part.o
 .debug_abbrev  0x000000000000037d      0x131 arch/arm/mach-sunxi/pm/standby/../pm_debug.o
 .debug_abbrev  0x00000000000004ae      0x1c3 arch/arm/mach-sunxi/pm/standby/../mem_timing.o
 .debug_abbrev  0x0000000000000671       0xa8 arch/arm/mach-sunxi/pm/standby/../mem_mmu_pc.o
 .debug_abbrev  0x0000000000000719       0x14 arch/arm/mach-sunxi/pm/standby/../mem_mmu_pc_asm.o
 .debug_abbrev  0x000000000000072d      0x130 arch/arm/mach-sunxi/pm/standby/../mem_cpu.o
 .debug_abbrev  0x000000000000085d      0x2e9 arch/arm/mach-sunxi/pm/standby/../mem_serial.o
 .debug_abbrev  0x0000000000000b46      0x209 arch/arm/mach-sunxi/pm/standby/../mem_printk.o
 .debug_abbrev  0x0000000000000d4f       0x14 arch/arm/mach-sunxi/pm/standby/../mem_divlib.o
 .debug_abbrev  0x0000000000000d63       0x81 arch/arm/mach-sunxi/pm/standby/../mem_divlibc.o
 .debug_abbrev  0x0000000000000de4       0xcb arch/arm/mach-sunxi/pm/standby/../mem_int.o
 .debug_abbrev  0x0000000000000eaf       0xf3 arch/arm/mach-sunxi/pm/standby/../mem_tmr.o
 .debug_abbrev  0x0000000000000fa2       0x2a arch/arm/mach-sunxi/pm/standby/../mem_tmstmp.o
 .debug_abbrev  0x0000000000000fcc       0x2a arch/arm/mach-sunxi/pm/standby/../mem_hwspinlock.o
 .debug_abbrev  0x0000000000000ff6      0x1b3 arch/arm/mach-sunxi/pm/standby/../mem_clk.o

.debug_line     0x0000000000000000     0x120b
 .debug_line    0x0000000000000000       0x98 arch/arm/mach-sunxi/pm/standby/super/resume/resume_head.o
 .debug_line    0x0000000000000098       0x8f arch/arm/mach-sunxi/pm/standby/super/resume/resume1.o
 .debug_line    0x0000000000000127       0x76 arch/arm/mach-sunxi/pm/standby/super/common.o
 .debug_line    0x000000000000019d       0x1d arch/arm/mach-sunxi/pm/standby/super/super_twi.o
 .debug_line    0x00000000000001ba       0x6b arch/arm/mach-sunxi/pm/standby/super/super_delay.o
 .debug_line    0x0000000000000225       0x1d arch/arm/mach-sunxi/pm/standby/super/super_clock.o
 .debug_line    0x0000000000000242       0x1d arch/arm/mach-sunxi/pm/standby/super/super_power.o
 .debug_line    0x000000000000025f       0x1d arch/arm/mach-sunxi/pm/standby/super/super_cpus.o
 .debug_line    0x000000000000027c      0x143 arch/arm/mach-sunxi/pm/standby/super/resume/resume1_c_part.o
 .debug_line    0x00000000000003bf       0xb7 arch/arm/mach-sunxi/pm/standby/../pm_debug.o
 .debug_line    0x0000000000000476      0x100 arch/arm/mach-sunxi/pm/standby/../mem_timing.o
 .debug_line    0x0000000000000576       0xb0 arch/arm/mach-sunxi/pm/standby/../mem_mmu_pc.o
 .debug_line    0x0000000000000626      0x1b1 arch/arm/mach-sunxi/pm/standby/../mem_mmu_pc_asm.o
 .debug_line    0x00000000000007d7      0x125 arch/arm/mach-sunxi/pm/standby/../mem_cpu.o
 .debug_line    0x00000000000008fc      0x1b1 arch/arm/mach-sunxi/pm/standby/../mem_serial.o
 .debug_line    0x0000000000000aad      0x2c8 arch/arm/mach-sunxi/pm/standby/../mem_printk.o
 .debug_line    0x0000000000000d75       0xad arch/arm/mach-sunxi/pm/standby/../mem_divlib.o
 .debug_line    0x0000000000000e22       0x85 arch/arm/mach-sunxi/pm/standby/../mem_divlibc.o
 .debug_line    0x0000000000000ea7       0xf9 arch/arm/mach-sunxi/pm/standby/../mem_int.o
 .debug_line    0x0000000000000fa0       0xc7 arch/arm/mach-sunxi/pm/standby/../mem_tmr.o
 .debug_line    0x0000000000001067       0x1d arch/arm/mach-sunxi/pm/standby/../mem_tmstmp.o
 .debug_line    0x0000000000001084       0x1d arch/arm/mach-sunxi/pm/standby/../mem_hwspinlock.o
 .debug_line    0x00000000000010a1      0x16a arch/arm/mach-sunxi/pm/standby/../mem_clk.o

.debug_str      0x0000000000000000     0x1ae9
 .debug_str     0x0000000000000000      0x15e arch/arm/mach-sunxi/pm/standby/super/resume/resume_head.o
                                        0x189 (size before relaxing)
 .debug_str     0x000000000000015e       0x49 arch/arm/mach-sunxi/pm/standby/super/common.o
                                         0xfe (size before relaxing)
 .debug_str     0x00000000000001a7       0x31 arch/arm/mach-sunxi/pm/standby/super/super_twi.o
                                         0xe1 (size before relaxing)
 .debug_str     0x00000000000001d8       0x33 arch/arm/mach-sunxi/pm/standby/super/super_clock.o
                                         0xe3 (size before relaxing)
 .debug_str     0x000000000000020b       0x33 arch/arm/mach-sunxi/pm/standby/super/super_power.o
                                         0xe3 (size before relaxing)
 .debug_str     0x000000000000023e       0x32 arch/arm/mach-sunxi/pm/standby/super/super_cpus.o
                                         0xe2 (size before relaxing)
 .debug_str     0x0000000000000270      0xb09 arch/arm/mach-sunxi/pm/standby/super/resume/resume1_c_part.o
                                        0xbef (size before relaxing)
 .debug_str     0x0000000000000d79      0x141 arch/arm/mach-sunxi/pm/standby/../pm_debug.o
                                        0x1f7 (size before relaxing)
 .debug_str     0x0000000000000eba      0x1c0 arch/arm/mach-sunxi/pm/standby/../mem_timing.o
                                        0x294 (size before relaxing)
 .debug_str     0x000000000000107a       0x50 arch/arm/mach-sunxi/pm/standby/../mem_mmu_pc.o
                                        0x14d (size before relaxing)
 .debug_str     0x00000000000010ca      0x285 arch/arm/mach-sunxi/pm/standby/../mem_cpu.o
                                        0x39a (size before relaxing)
 .debug_str     0x000000000000134f      0x174 arch/arm/mach-sunxi/pm/standby/../mem_serial.o
                                        0xa3d (size before relaxing)
 .debug_str     0x00000000000014c3       0xe5 arch/arm/mach-sunxi/pm/standby/../mem_printk.o
                                        0x1c6 (size before relaxing)
 .debug_str     0x00000000000015a8       0x6f arch/arm/mach-sunxi/pm/standby/../mem_divlibc.o
                                        0x12b (size before relaxing)
 .debug_str     0x0000000000001617      0x116 arch/arm/mach-sunxi/pm/standby/../mem_int.o
                                        0x1d2 (size before relaxing)
 .debug_str     0x000000000000172d      0x22e arch/arm/mach-sunxi/pm/standby/../mem_tmr.o
                                        0x33a (size before relaxing)
 .debug_str     0x000000000000195b       0x2f arch/arm/mach-sunxi/pm/standby/../mem_tmstmp.o
                                         0xdf (size before relaxing)
 .debug_str     0x000000000000198a       0x33 arch/arm/mach-sunxi/pm/standby/../mem_hwspinlock.o
                                         0xe3 (size before relaxing)
 .debug_str     0x00000000000019bd      0x12c arch/arm/mach-sunxi/pm/standby/../mem_clk.o
                                        0xa80 (size before relaxing)

.comment        0x0000000000000000       0x2a
 .comment       0x0000000000000000       0x2a arch/arm/mach-sunxi/pm/standby/super/resume/resume_head.o
                                         0x2b (size before relaxing)
 .comment       0x0000000000000000       0x2b arch/arm/mach-sunxi/pm/standby/super/common.o
 .comment       0x0000000000000000       0x2b arch/arm/mach-sunxi/pm/standby/super/super_twi.o
 .comment       0x0000000000000000       0x2b arch/arm/mach-sunxi/pm/standby/super/super_clock.o
 .comment       0x0000000000000000       0x2b arch/arm/mach-sunxi/pm/standby/super/super_power.o
 .comment       0x0000000000000000       0x2b arch/arm/mach-sunxi/pm/standby/super/super_cpus.o
 .comment       0x0000000000000000       0x2b arch/arm/mach-sunxi/pm/standby/super/resume/resume1_c_part.o
 .comment       0x0000000000000000       0x2b arch/arm/mach-sunxi/pm/standby/../pm_debug.o
 .comment       0x0000000000000000       0x2b arch/arm/mach-sunxi/pm/standby/../mem_timing.o
 .comment       0x0000000000000000       0x2b arch/arm/mach-sunxi/pm/standby/../mem_mmu_pc.o
 .comment       0x0000000000000000       0x2b arch/arm/mach-sunxi/pm/standby/../mem_cpu.o
 .comment       0x0000000000000000       0x2b arch/arm/mach-sunxi/pm/standby/../mem_serial.o
 .comment       0x0000000000000000       0x2b arch/arm/mach-sunxi/pm/standby/../mem_printk.o
 .comment       0x0000000000000000       0x2b arch/arm/mach-sunxi/pm/standby/../mem_divlibc.o
 .comment       0x0000000000000000       0x2b arch/arm/mach-sunxi/pm/standby/../mem_int.o
 .comment       0x0000000000000000       0x2b arch/arm/mach-sunxi/pm/standby/../mem_tmr.o
 .comment       0x0000000000000000       0x2b arch/arm/mach-sunxi/pm/standby/../mem_tmstmp.o
 .comment       0x0000000000000000       0x2b arch/arm/mach-sunxi/pm/standby/../mem_hwspinlock.o
 .comment       0x0000000000000000       0x2b arch/arm/mach-sunxi/pm/standby/../mem_clk.o

.note.GNU-stack
                0x0000000000000000        0x0
 .note.GNU-stack
                0x0000000000000000        0x0 arch/arm/mach-sunxi/pm/standby/super/resume/resume_head.o
 .note.GNU-stack
                0x0000000000000000        0x0 arch/arm/mach-sunxi/pm/standby/super/common.o
 .note.GNU-stack
                0x0000000000000000        0x0 arch/arm/mach-sunxi/pm/standby/super/super_twi.o
 .note.GNU-stack
                0x0000000000000000        0x0 arch/arm/mach-sunxi/pm/standby/super/super_clock.o
 .note.GNU-stack
                0x0000000000000000        0x0 arch/arm/mach-sunxi/pm/standby/super/super_power.o
 .note.GNU-stack
                0x0000000000000000        0x0 arch/arm/mach-sunxi/pm/standby/super/super_cpus.o
 .note.GNU-stack
                0x0000000000000000        0x0 arch/arm/mach-sunxi/pm/standby/super/resume/resume1_c_part.o
 .note.GNU-stack
                0x0000000000000000        0x0 arch/arm/mach-sunxi/pm/standby/../pm_debug.o
 .note.GNU-stack
                0x0000000000000000        0x0 arch/arm/mach-sunxi/pm/standby/../mem_timing.o
 .note.GNU-stack
                0x0000000000000000        0x0 arch/arm/mach-sunxi/pm/standby/../mem_mmu_pc.o
 .note.GNU-stack
                0x0000000000000000        0x0 arch/arm/mach-sunxi/pm/standby/../mem_cpu.o
 .note.GNU-stack
                0x0000000000000000        0x0 arch/arm/mach-sunxi/pm/standby/../mem_serial.o
 .note.GNU-stack
                0x0000000000000000        0x0 arch/arm/mach-sunxi/pm/standby/../mem_printk.o
 .note.GNU-stack
                0x0000000000000000        0x0 arch/arm/mach-sunxi/pm/standby/../mem_divlibc.o
 .note.GNU-stack
                0x0000000000000000        0x0 arch/arm/mach-sunxi/pm/standby/../mem_int.o
 .note.GNU-stack
                0x0000000000000000        0x0 arch/arm/mach-sunxi/pm/standby/../mem_tmr.o
 .note.GNU-stack
                0x0000000000000000        0x0 arch/arm/mach-sunxi/pm/standby/../mem_tmstmp.o
 .note.GNU-stack
                0x0000000000000000        0x0 arch/arm/mach-sunxi/pm/standby/../mem_hwspinlock.o
 .note.GNU-stack
                0x0000000000000000        0x0 arch/arm/mach-sunxi/pm/standby/../mem_clk.o

.ARM.attributes
                0x0000000000000000       0x33
 .ARM.attributes
                0x0000000000000000       0x35 arch/arm/mach-sunxi/pm/standby/super/resume/resume_head.o
 .ARM.attributes
                0x0000000000000035       0x21 arch/arm/mach-sunxi/pm/standby/super/resume/resume1.o
 .ARM.attributes
                0x0000000000000056       0x35 arch/arm/mach-sunxi/pm/standby/super/common.o
 .ARM.attributes
                0x000000000000008b       0x35 arch/arm/mach-sunxi/pm/standby/super/super_twi.o
 .ARM.attributes
                0x00000000000000c0       0x21 arch/arm/mach-sunxi/pm/standby/super/super_delay.o
 .ARM.attributes
                0x00000000000000e1       0x35 arch/arm/mach-sunxi/pm/standby/super/super_clock.o
 .ARM.attributes
                0x0000000000000116       0x35 arch/arm/mach-sunxi/pm/standby/super/super_power.o
 .ARM.attributes
                0x000000000000014b       0x35 arch/arm/mach-sunxi/pm/standby/super/super_cpus.o
 .ARM.attributes
                0x0000000000000180       0x35 arch/arm/mach-sunxi/pm/standby/super/resume/resume1_c_part.o
 .ARM.attributes
                0x00000000000001b5       0x35 arch/arm/mach-sunxi/pm/standby/../pm_debug.o
 .ARM.attributes
                0x00000000000001ea       0x35 arch/arm/mach-sunxi/pm/standby/../mem_timing.o
 .ARM.attributes
                0x000000000000021f       0x35 arch/arm/mach-sunxi/pm/standby/../mem_mmu_pc.o
 .ARM.attributes
                0x0000000000000254       0x21 arch/arm/mach-sunxi/pm/standby/../mem_mmu_pc_asm.o
 .ARM.attributes
                0x0000000000000275       0x35 arch/arm/mach-sunxi/pm/standby/../mem_cpu.o
 .ARM.attributes
                0x00000000000002aa       0x35 arch/arm/mach-sunxi/pm/standby/../mem_serial.o
 .ARM.attributes
                0x00000000000002df       0x35 arch/arm/mach-sunxi/pm/standby/../mem_printk.o
 .ARM.attributes
                0x0000000000000314       0x21 arch/arm/mach-sunxi/pm/standby/../mem_divlib.o
 .ARM.attributes
                0x0000000000000335       0x35 arch/arm/mach-sunxi/pm/standby/../mem_divlibc.o
 .ARM.attributes
                0x000000000000036a       0x35 arch/arm/mach-sunxi/pm/standby/../mem_int.o
 .ARM.attributes
                0x000000000000039f       0x35 arch/arm/mach-sunxi/pm/standby/../mem_tmr.o
 .ARM.attributes
                0x00000000000003d4       0x35 arch/arm/mach-sunxi/pm/standby/../mem_tmstmp.o
 .ARM.attributes
                0x0000000000000409       0x35 arch/arm/mach-sunxi/pm/standby/../mem_hwspinlock.o
 .ARM.attributes
                0x000000000000043e       0x35 arch/arm/mach-sunxi/pm/standby/../mem_clk.o

.debug_aranges  0x0000000000000000      0x200
 .debug_aranges
                0x0000000000000000       0x20 arch/arm/mach-sunxi/pm/standby/super/resume/resume1.o
 .debug_aranges
                0x0000000000000020       0x20 arch/arm/mach-sunxi/pm/standby/super/common.o
 .debug_aranges
                0x0000000000000040       0x20 arch/arm/mach-sunxi/pm/standby/super/super_delay.o
 .debug_aranges
                0x0000000000000060       0x20 arch/arm/mach-sunxi/pm/standby/super/resume/resume1_c_part.o
 .debug_aranges
                0x0000000000000080       0x20 arch/arm/mach-sunxi/pm/standby/../pm_debug.o
 .debug_aranges
                0x00000000000000a0       0x20 arch/arm/mach-sunxi/pm/standby/../mem_timing.o
 .debug_aranges
                0x00000000000000c0       0x20 arch/arm/mach-sunxi/pm/standby/../mem_mmu_pc.o
 .debug_aranges
                0x00000000000000e0       0x20 arch/arm/mach-sunxi/pm/standby/../mem_mmu_pc_asm.o
 .debug_aranges
                0x0000000000000100       0x20 arch/arm/mach-sunxi/pm/standby/../mem_cpu.o
 .debug_aranges
                0x0000000000000120       0x20 arch/arm/mach-sunxi/pm/standby/../mem_serial.o
 .debug_aranges
                0x0000000000000140       0x20 arch/arm/mach-sunxi/pm/standby/../mem_printk.o
 .debug_aranges
                0x0000000000000160       0x20 arch/arm/mach-sunxi/pm/standby/../mem_divlib.o
 .debug_aranges
                0x0000000000000180       0x20 arch/arm/mach-sunxi/pm/standby/../mem_divlibc.o
 .debug_aranges
                0x00000000000001a0       0x20 arch/arm/mach-sunxi/pm/standby/../mem_int.o
 .debug_aranges
                0x00000000000001c0       0x20 arch/arm/mach-sunxi/pm/standby/../mem_tmr.o
 .debug_aranges
                0x00000000000001e0       0x20 arch/arm/mach-sunxi/pm/standby/../mem_clk.o

.debug_loc      0x0000000000000000     0x1792
 .debug_loc     0x0000000000000000       0x64 arch/arm/mach-sunxi/pm/standby/super/common.o
 .debug_loc     0x0000000000000064       0xce arch/arm/mach-sunxi/pm/standby/super/resume/resume1_c_part.o
 .debug_loc     0x0000000000000132      0x149 arch/arm/mach-sunxi/pm/standby/../pm_debug.o
 .debug_loc     0x000000000000027b      0x329 arch/arm/mach-sunxi/pm/standby/../mem_timing.o
 .debug_loc     0x00000000000005a4       0x42 arch/arm/mach-sunxi/pm/standby/../mem_cpu.o
 .debug_loc     0x00000000000005e6      0x329 arch/arm/mach-sunxi/pm/standby/../mem_serial.o
 .debug_loc     0x000000000000090f      0x925 arch/arm/mach-sunxi/pm/standby/../mem_printk.o
 .debug_loc     0x0000000000001234       0xb4 arch/arm/mach-sunxi/pm/standby/../mem_divlibc.o
 .debug_loc     0x00000000000012e8      0x18e arch/arm/mach-sunxi/pm/standby/../mem_int.o
 .debug_loc     0x0000000000001476       0x5c arch/arm/mach-sunxi/pm/standby/../mem_tmr.o
 .debug_loc     0x00000000000014d2      0x2c0 arch/arm/mach-sunxi/pm/standby/../mem_clk.o

.debug_frame    0x0000000000000000      0x6dc
 .debug_frame   0x0000000000000000       0x20 arch/arm/mach-sunxi/pm/standby/super/common.o
 .debug_frame   0x0000000000000020       0x44 arch/arm/mach-sunxi/pm/standby/super/resume/resume1_c_part.o
 .debug_frame   0x0000000000000064      0x138 arch/arm/mach-sunxi/pm/standby/../pm_debug.o
 .debug_frame   0x000000000000019c       0xd4 arch/arm/mach-sunxi/pm/standby/../mem_timing.o
 .debug_frame   0x0000000000000270       0x30 arch/arm/mach-sunxi/pm/standby/../mem_mmu_pc.o
 .debug_frame   0x00000000000002a0       0x90 arch/arm/mach-sunxi/pm/standby/../mem_cpu.o
 .debug_frame   0x0000000000000330       0xd4 arch/arm/mach-sunxi/pm/standby/../mem_serial.o
 .debug_frame   0x0000000000000404       0xdc arch/arm/mach-sunxi/pm/standby/../mem_printk.o
 .debug_frame   0x00000000000004e0       0x30 arch/arm/mach-sunxi/pm/standby/../mem_divlibc.o
 .debug_frame   0x0000000000000510       0x64 arch/arm/mach-sunxi/pm/standby/../mem_int.o
 .debug_frame   0x0000000000000574       0x78 arch/arm/mach-sunxi/pm/standby/../mem_tmr.o
 .debug_frame   0x00000000000005ec       0xf0 arch/arm/mach-sunxi/pm/standby/../mem_clk.o

.debug_ranges   0x0000000000000000      0x190
 .debug_ranges  0x0000000000000000      0x160 arch/arm/mach-sunxi/pm/standby/../mem_serial.o
 .debug_ranges  0x0000000000000160       0x30 arch/arm/mach-sunxi/pm/standby/../mem_printk.o
